Collecting aiosqlite==0.22.1 (from -r backend/requirements.lock (line 1))
  Downloading aiosqlite-0.22.1-py3-none-any.whl.metadata (4.3 kB)
Collecting alembic==1.20.0 (from -r backend/requirements.lock (line 2))
  Downloading alembic-1.20.0-py3-none-any.whl.metadata (7.3 kB)
Collecting annotated-doc==0.0.5 (from -r backend/requirements.lock (line 3))
  Downloading annotated_doc-0.0.5-py3-none-any.whl.metadata (6.5 kB)
Collecting annotated-types==0.8.0 (from -r backend/requirements.lock (line 4))
  Downloading annotated_types-0.8.0-py3-none-any.whl.metadata (15 kB)
Collecting anyio==4.15.1 (from -r backend/requirements.lock (line 5))
  Downloading anyio-4.15.1-py3-none-any.whl.metadata (4.7 kB)
Collecting asyncpg==0.31.0 (from -r backend/requirements.lock (line 6))
  Downloading asyncpg-0.31.0-cp312-cp312-manylinux_2_28_x86_64.whl.metadata (4.4 kB)
Collecting CacheControl==0.14.4 (from -r backend/requirements.lock (line 7))
  Downloading cachecontrol-0.14.4-py3-none-any.whl.metadata (3.1 kB)
Collecting certifi==2026.7.22 (from -r backend/requirements.lock (line 8))
  Downloading certifi-2026.7.22-py3-none-any.whl.metadata (2.5 kB)
Collecting cffi==2.1.1 (from -r backend/requirements.lock (line 9))
  Downloading cffi-2.1.1-cp312-cp312-manylinux2014_x86_64.manylinux_2_17_x86_64.whl.metadata (2.5 kB)
Collecting charset-normalizer==3.5.2 (from -r backend/requirements.lock (line 10))
  Downloading charset_normalizer-3.5.2-cp312-cp312-manylinux2014_x86_64.manylinux_2_17_x86_64.manylinux_2_28_x86_64.whl.metadata (46 kB)
     ━━━━━━━━━━━━━━━━━━━━━━━━━━━━━━━━━━━━━━━━ 46.4/46.4 kB 4.6 MB/s eta 0:00:00
Collecting click==8.5.0 (from -r backend/requirements.lock (line 11))
  Downloading click-8.5.0-py3-none-any.whl.metadata (2.6 kB)
Collecting cryptography==50.0.2 (from -r backend/requirements.lock (line 12))
  Downloading cryptography-50.0.2-cp311-abi3-manylinux_2_34_x86_64.whl.metadata (4.4 kB)
Collecting fastapi==0.142.2 (from -r backend/requirements.lock (line 13))
  Downloading fastapi-0.142.2-py3-none-any.whl.metadata (27 kB)
Collecting firebase_admin==7.7.0 (from -r backend/requirements.lock (line 14))
  Downloading firebase_admin-7.7.0-py3-none-any.whl.metadata (1.8 kB)
Collecting google-api-core==2.40.0 (from -r backend/requirements.lock (line 15))
  Downloading google_api_core-2.40.0-py3-none-any.whl.metadata (3.2 kB)
Collecting google-auth==2.59.1 (from -r backend/requirements.lock (line 16))
  Downloading google_auth-2.59.1-py3-none-any.whl.metadata (6.0 kB)
Collecting google-cloud-core==2.8.0 (from -r backend/requirements.lock (line 17))
  Downloading google_cloud_core-2.8.0-py3-none-any.whl.metadata (2.9 kB)
Collecting google-cloud-firestore==2.34.0 (from -r backend/requirements.lock (line 18))
  Downloading google_cloud_firestore-2.34.0-py3-none-any.whl.metadata (9.5 kB)
Collecting google-cloud-storage==3.16.0 (from -r backend/requirements.lock (line 19))
  Downloading google_cloud_storage-3.16.0-py3-none-any.whl.metadata (14 kB)
Collecting google-crc32c==1.9.0 (from -r backend/requirements.lock (line 20))
  Downloading google_crc32c-1.9.0-cp312-cp312-manylinux2014_x86_64.manylinux_2_17_x86_64.whl.metadata (2.2 kB)
Collecting google-resumable-media==2.11.0 (from -r backend/requirements.lock (line 21))
  Downloading google_resumable_media-2.11.0-py3-none-any.whl.metadata (2.3 kB)
Collecting googleapis-common-protos==1.75.5 (from -r backend/requirements.lock (line 22))
  Downloading googleapis_common_protos-1.75.5-py3-none-any.whl.metadata (8.5 kB)
Collecting greenlet==3.5.6 (from -r backend/requirements.lock (line 23))
  Downloading greenlet-3.5.6-cp312-cp312-manylinux_2_24_x86_64.manylinux_2_28_x86_64.whl.metadata (3.8 kB)
Collecting grpcio==1.84.0 (from -r backend/requirements.lock (line 24))
  Downloading grpcio-1.84.0-cp312-cp312-manylinux2014_x86_64.manylinux_2_17_x86_64.whl.metadata (3.8 kB)
Collecting grpcio-status==1.84.0 (from -r backend/requirements.lock (line 25))
  Downloading grpcio_status-1.84.0-py3-none-any.whl.metadata (1.3 kB)
Collecting h11==0.16.0 (from -r backend/requirements.lock (line 26))
  Downloading h11-0.16.0-py3-none-any.whl.metadata (8.3 kB)
Collecting h2==4.4.1 (from -r backend/requirements.lock (line 27))
  Downloading h2-4.4.1-py3-none-any.whl.metadata (3.8 kB)
Collecting hpack==4.2.0 (from -r backend/requirements.lock (line 28))
  Downloading hpack-4.2.0-py3-none-any.whl.metadata (3.3 kB)
Collecting httpcore==1.0.9 (from -r backend/requirements.lock (line 29))
  Downloading httpcore-1.0.9-py3-none-any.whl.metadata (21 kB)
Collecting httptools==0.8.0 (from -r backend/requirements.lock (line 30))
  Downloading httptools-0.8.0-cp312-cp312-manylinux1_x86_64.manylinux_2_28_x86_64.manylinux_2_5_x86_64.whl.metadata (3.5 kB)
Collecting httpx==0.28.1 (from -r backend/requirements.lock (line 31))
  Downloading httpx-0.28.1-py3-none-any.whl.metadata (7.1 kB)
Collecting hyperframe==6.1.0 (from -r backend/requirements.lock (line 32))
  Downloading hyperframe-6.1.0-py3-none-any.whl.metadata (4.3 kB)
Collecting idna==3.20 (from -r backend/requirements.lock (line 33))
  Downloading idna-3.20-py3-none-any.whl.metadata (7.2 kB)
Collecting iniconfig==2.3.0 (from -r backend/requirements.lock (line 34))
  Downloading iniconfig-2.3.0-py3-none-any.whl.metadata (2.5 kB)
Collecting Mako==1.4.3 (from -r backend/requirements.lock (line 35))
  Downloading mako-1.4.3-py3-none-any.whl.metadata (2.9 kB)
Collecting MarkupSafe==3.0.4 (from -r backend/requirements.lock (line 36))
  Downloading markupsafe-3.0.4-cp312-cp312-manylinux2014_x86_64.manylinux_2_17_x86_64.manylinux_2_28_x86_64.whl.metadata (2.7 kB)
Collecting msgpack==1.2.3 (from -r backend/requirements.lock (line 37))
  Downloading msgpack-1.2.3-cp312-cp312-manylinux2014_x86_64.manylinux_2_17_x86_64.manylinux_2_28_x86_64.whl.metadata (8.3 kB)
Collecting opentelemetry-api==1.45.0 (from -r backend/requirements.lock (line 38))
  Downloading opentelemetry_api-1.45.0-py3-none-any.whl.metadata (1.4 kB)
Collecting packaging==26.3 (from -r backend/requirements.lock (line 39))
  Downloading packaging-26.3-py3-none-any.whl.metadata (3.5 kB)
Collecting pgvector==0.5.0 (from -r backend/requirements.lock (line 40))
  Downloading pgvector-0.5.0-py3-none-any.whl.metadata (19 kB)
Collecting pluggy==1.6.0 (from -r backend/requirements.lock (line 41))
  Downloading pluggy-1.6.0-py3-none-any.whl.metadata (4.8 kB)
Collecting proto-plus==1.29.0 (from -r backend/requirements.lock (line 42))
  Downloading proto_plus-1.29.0-py3-none-any.whl.metadata (2.2 kB)
Collecting protobuf==7.36.2 (from -r backend/requirements.lock (line 43))
  Downloading protobuf-7.36.2-cp310-abi3-manylinux2014_x86_64.whl.metadata (595 bytes)
Collecting pyasn1==0.6.4 (from -r backend/requirements.lock (line 44))
  Downloading pyasn1-0.6.4-py3-none-any.whl.metadata (8.4 kB)
Collecting pyasn1_modules==0.4.2 (from -r backend/requirements.lock (line 45))
  Downloading pyasn1_modules-0.4.2-py3-none-any.whl.metadata (3.5 kB)
Collecting pycparser==3.0 (from -r backend/requirements.lock (line 46))
  Downloading pycparser-3.0-py3-none-any.whl.metadata (8.2 kB)
Collecting pydantic==2.13.5 (from -r backend/requirements.lock (line 47))
  Downloading pydantic-2.13.5-py3-none-any.whl.metadata (110 kB)
     ━━━━━━━━━━━━━━━━━━━━━━━━━━━━━━━━━━━━━━ 110.2/110.2 kB 10.7 MB/s eta 0:00:00
Collecting pydantic-settings==2.15.0 (from -r backend/requirements.lock (line 48))
  Downloading pydantic_settings-2.15.0-py3-none-any.whl.metadata (3.9 kB)
Collecting pydantic_core==2.46.5 (from -r backend/requirements.lock (line 49))
  Downloading pydantic_core-2.46.5-cp312-cp312-manylinux_2_17_x86_64.manylinux2014_x86_64.whl.metadata (6.6 kB)
Collecting Pygments==2.21.0 (from -r backend/requirements.lock (line 50))
  Downloading pygments-2.21.0-py3-none-any.whl.metadata (2.5 kB)
Collecting PyJWT==2.15.1 (from -r backend/requirements.lock (line 51))
  Downloading pyjwt-2.15.1-py3-none-any.whl.metadata (3.5 kB)
Collecting pytest==8.4.2 (from -r backend/requirements.lock (line 52))
  Downloading pytest-8.4.2-py3-none-any.whl.metadata (7.7 kB)
Collecting pytest-asyncio==1.4.0 (from -r backend/requirements.lock (line 53))
  Downloading pytest_asyncio-1.4.0-py3-none-any.whl.metadata (4.1 kB)
Collecting python-dotenv==1.2.4 (from -r backend/requirements.lock (line 54))
  Downloading python_dotenv-1.2.4-py3-none-any.whl.metadata (29 kB)
Collecting PyYAML==6.0.3 (from -r backend/requirements.lock (line 55))
  Downloading pyyaml-6.0.3-cp312-cp312-manylinux2014_x86_64.manylinux_2_17_x86_64.manylinux_2_28_x86_64.whl.metadata (2.4 kB)
Collecting requests==2.34.2 (from -r backend/requirements.lock (line 56))
  Downloading requests-2.34.2-py3-none-any.whl.metadata (4.8 kB)
Collecting ruff==0.16.10 (from -r backend/requirements.lock (line 57))
  Downloading ruff-0.16.10-py3-none-manylinux_2_17_x86_64.manylinux2014_x86_64.whl.metadata (20 kB)
Collecting SQLAlchemy==2.1.3 (from -r backend/requirements.lock (line 58))
  Downloading sqlalchemy-2.1.3-cp312-cp312-manylinux2014_x86_64.manylinux_2_17_x86_64.manylinux_2_28_x86_64.whl.metadata (9.7 kB)
Collecting starlette==1.7.0 (from -r backend/requirements.lock (line 59))
  Downloading starlette-1.7.0-py3-none-any.whl.metadata (6.6 kB)
Collecting typing-inspection==0.4.4 (from -r backend/requirements.lock (line 60))
  Downloading typing_inspection-0.4.4-py3-none-any.whl.metadata (2.6 kB)
Collecting typing_extensions==4.16.0 (from -r backend/requirements.lock (line 61))
  Downloading typing_extensions-4.16.0-py3-none-any.whl.metadata (3.3 kB)
Collecting urllib3==2.8.0 (from -r backend/requirements.lock (line 62))
  Downloading urllib3-2.8.0-py3-none-any.whl.metadata (7.4 kB)
Collecting uvicorn==0.54.0 (from -r backend/requirements.lock (line 63))
  Downloading uvicorn-0.54.0-py3-none-any.whl.metadata (6.6 kB)
Collecting uvloop==0.23.0 (from -r backend/requirements.lock (line 64))
  Downloading uvloop-0.23.0-cp312-cp312-manylinux2014_x86_64.manylinux_2_17_x86_64.manylinux_2_28_x86_64.whl.metadata (5.1 kB)
Collecting watchfiles==1.3.0 (from -r backend/requirements.lock (line 65))
  Downloading watchfiles-1.3.0-cp310-abi3-manylinux_2_17_x86_64.manylinux2014_x86_64.whl.metadata (4.9 kB)
Collecting websockets==17.2 (from -r backend/requirements.lock (line 66))
  Downloading websockets-17.2-cp312-cp312-manylinux1_x86_64.manylinux_2_28_x86_64.manylinux_2_5_x86_64.whl.metadata (6.3 kB)
Downloading aiosqlite-0.22.1-py3-none-any.whl (17 kB)
Downloading alembic-1.20.0-py3-none-any.whl (268 kB)
   ━━━━━━━━━━━━━━━━━━━━━━━━━━━━━━━━━━━━━━━━ 268.7/268.7 kB 14.0 MB/s eta 0:00:00
Downloading annotated_doc-0.0.5-py3-none-any.whl (5.3 kB)
Downloading annotated_types-0.8.0-py3-none-any.whl (13 kB)
Downloading anyio-4.15.1-py3-none-any.whl (132 kB)
   ━━━━━━━━━━━━━━━━━━━━━━━━━━━━━━━━━━━━━━━━ 132.1/132.1 kB 14.2 MB/s eta 0:00:00
Downloading asyncpg-0.31.0-cp312-cp312-manylinux_2_28_x86_64.whl (3.5 MB)
   ━━━━━━━━━━━━━━━━━━━━━━━━━━━━━━━━━━━━━━━━ 3.5/3.5 MB 15.0 MB/s eta 0:00:00
Downloading cachecontrol-0.14.4-py3-none-any.whl (22 kB)
Downloading certifi-2026.7.22-py3-none-any.whl (136 kB)
   ━━━━━━━━━━━━━━━━━━━━━━━━━━━━━━━━━━━━━━━━ 137.0/137.0 kB 19.9 MB/s eta 0:00:00
Downloading cffi-2.1.1-cp312-cp312-manylinux2014_x86_64.manylinux_2_17_x86_64.whl (221 kB)
   ━━━━━━━━━━━━━━━━━━━━━━━━━━━━━━━━━━━━━━━━ 221.8/221.8 kB 17.3 MB/s eta 0:00:00
Downloading charset_normalizer-3.5.2-cp312-cp312-manylinux2014_x86_64.manylinux_2_17_x86_64.manylinux_2_28_x86_64.whl (257 kB)
   ━━━━━━━━━━━━━━━━━━━━━━━━━━━━━━━━━━━━━━━━ 257.6/257.6 kB 18.1 MB/s eta 0:00:00
Downloading click-8.5.0-py3-none-any.whl (125 kB)
   ━━━━━━━━━━━━━━━━━━━━━━━━━━━━━━━━━━━━━━━━ 125.3/125.3 kB 19.9 MB/s eta 0:00:00
Downloading cryptography-50.0.2-cp311-abi3-manylinux_2_34_x86_64.whl (4.8 MB)
   ━━━━━━━━━━━━━━━━━━━━━━━━━━━━━━━━━━━━━━━━ 4.8/4.8 MB 17.2 MB/s eta 0:00:00
Downloading fastapi-0.142.2-py3-none-any.whl (144 kB)
   ━━━━━━━━━━━━━━━━━━━━━━━━━━━━━━━━━━━━━━━━ 144.4/144.4 kB 24.6 MB/s eta 0:00:00
Downloading firebase_admin-7.7.0-py3-none-any.whl (144 kB)
   ━━━━━━━━━━━━━━━━━━━━━━━━━━━━━━━━━━━━━━━━ 144.5/144.5 kB 23.7 MB/s eta 0:00:00
Downloading google_api_core-2.40.0-py3-none-any.whl (214 kB)
   ━━━━━━━━━━━━━━━━━━━━━━━━━━━━━━━━━━━━━━━━ 214.2/214.2 kB 19.0 MB/s eta 0:00:00
Downloading google_auth-2.59.1-py3-none-any.whl (263 kB)
   ━━━━━━━━━━━━━━━━━━━━━━━━━━━━━━━━━━━━━━━━ 263.5/263.5 kB 21.1 MB/s eta 0:00:00
Downloading google_cloud_core-2.8.0-py3-none-any.whl (31 kB)
Downloading google_cloud_firestore-2.34.0-py3-none-any.whl (443 kB)
   ━━━━━━━━━━━━━━━━━━━━━━━━━━━━━━━━━━━━━━━━ 443.7/443.7 kB 19.6 MB/s eta 0:00:00
Downloading google_cloud_storage-3.16.0-py3-none-any.whl (343 kB)
   ━━━━━━━━━━━━━━━━━━━━━━━━━━━━━━━━━━━━━━━━ 343.5/343.5 kB 20.6 MB/s eta 0:00:00
Downloading google_crc32c-1.9.0-cp312-cp312-manylinux2014_x86_64.manylinux_2_17_x86_64.whl (36 kB)
Downloading google_resumable_media-2.11.0-py3-none-any.whl (81 kB)
   ━━━━━━━━━━━━━━━━━━━━━━━━━━━━━━━━━━━━━━━━ 81.5/81.5 kB 24.2 MB/s eta 0:00:00
Downloading googleapis_common_protos-1.75.5-py3-none-any.whl (307 kB)
   ━━━━━━━━━━━━━━━━━━━━━━━━━━━━━━━━━━━━━━━━ 307.7/307.7 kB 20.6 MB/s eta 0:00:00
Downloading greenlet-3.5.6-cp312-cp312-manylinux_2_24_x86_64.manylinux_2_28_x86_64.whl (621 kB)
   ━━━━━━━━━━━━━━━━━━━━━━━━━━━━━━━━━━━━━━━━ 621.4/621.4 kB 19.9 MB/s eta 0:00:00
Downloading grpcio-1.84.0-cp312-cp312-manylinux2014_x86_64.manylinux_2_17_x86_64.whl (7.2 MB)
   ━━━━━━━━━━━━━━━━━━━━━━━━━━━━━━━━━━━━━━━━ 7.2/7.2 MB 20.2 MB/s eta 0:00:00
Downloading grpcio_status-1.84.0-py3-none-any.whl (14 kB)
Downloading h11-0.16.0-py3-none-any.whl (37 kB)
Downloading h2-4.4.1-py3-none-any.whl (62 kB)
   ━━━━━━━━━━━━━━━━━━━━━━━━━━━━━━━━━━━━━━━━ 62.6/62.6 kB 22.9 MB/s eta 0:00:00
Downloading hpack-4.2.0-py3-none-any.whl (34 kB)
Downloading httpcore-1.0.9-py3-none-any.whl (78 kB)
   ━━━━━━━━━━━━━━━━━━━━━━━━━━━━━━━━━━━━━━━━ 78.8/78.8 kB 26.5 MB/s eta 0:00:00
Downloading httptools-0.8.0-cp312-cp312-manylinux1_x86_64.manylinux_2_28_x86_64.manylinux_2_5_x86_64.whl (523 kB)
   ━━━━━━━━━━━━━━━━━━━━━━━━━━━━━━━━━━━━━━━━ 523.9/523.9 kB 21.9 MB/s eta 0:00:00
Downloading httpx-0.28.1-py3-none-any.whl (73 kB)
   ━━━━━━━━━━━━━━━━━━━━━━━━━━━━━━━━━━━━━━━━ 73.5/73.5 kB 23.5 MB/s eta 0:00:00
Downloading hyperframe-6.1.0-py3-none-any.whl (13 kB)
Downloading idna-3.20-py3-none-any.whl (69 kB)
   ━━━━━━━━━━━━━━━━━━━━━━━━━━━━━━━━━━━━━━━━ 69.6/69.6 kB 23.5 MB/s eta 0:00:00
Downloading iniconfig-2.3.0-py3-none-any.whl (7.5 kB)
Downloading mako-1.4.3-py3-none-any.whl (80 kB)
   ━━━━━━━━━━━━━━━━━━━━━━━━━━━━━━━━━━━━━━━━ 80.2/80.2 kB 22.5 MB/s eta 0:00:00
Downloading markupsafe-3.0.4-cp312-cp312-manylinux2014_x86_64.manylinux_2_17_x86_64.manylinux_2_28_x86_64.whl (22 kB)
Downloading msgpack-1.2.3-cp312-cp312-manylinux2014_x86_64.manylinux_2_17_x86_64.manylinux_2_28_x86_64.whl (472 kB)
   ━━━━━━━━━━━━━━━━━━━━━━━━━━━━━━━━━━━━━━━━ 473.0/473.0 kB 23.1 MB/s eta 0:00:00
Downloading opentelemetry_api-1.45.0-py3-none-any.whl (60 kB)
   ━━━━━━━━━━━━━━━━━━━━━━━━━━━━━━━━━━━━━━━━ 60.0/60.0 kB 21.5 MB/s eta 0:00:00
Downloading packaging-26.3-py3-none-any.whl (129 kB)
   ━━━━━━━━━━━━━━━━━━━━━━━━━━━━━━━━━━━━━━━━ 130.0/130.0 kB 33.3 MB/s eta 0:00:00
Downloading pgvector-0.5.0-py3-none-any.whl (30 kB)
Downloading pluggy-1.6.0-py3-none-any.whl (20 kB)
Downloading proto_plus-1.29.0-py3-none-any.whl (50 kB)
   ━━━━━━━━━━━━━━━━━━━━━━━━━━━━━━━━━━━━━━━━ 50.8/50.8 kB 18.9 MB/s eta 0:00:00
Downloading protobuf-7.36.2-cp310-abi3-manylinux2014_x86_64.whl (343 kB)
   ━━━━━━━━━━━━━━━━━━━━━━━━━━━━━━━━━━━━━━━━ 343.2/343.2 kB 23.6 MB/s eta 0:00:00
Downloading pyasn1-0.6.4-py3-none-any.whl (84 kB)
   ━━━━━━━━━━━━━━━━━━━━━━━━━━━━━━━━━━━━━━━━ 84.4/84.4 kB 28.8 MB/s eta 0:00:00
Downloading pyasn1_modules-0.4.2-py3-none-any.whl (181 kB)
   ━━━━━━━━━━━━━━━━━━━━━━━━━━━━━━━━━━━━━━━━ 181.3/181.3 kB 27.5 MB/s eta 0:00:00
Downloading pycparser-3.0-py3-none-any.whl (48 kB)
   ━━━━━━━━━━━━━━━━━━━━━━━━━━━━━━━━━━━━━━━━ 48.2/48.2 kB 11.9 MB/s eta 0:00:00
Downloading pydantic-2.13.5-py3-none-any.whl (472 kB)
   ━━━━━━━━━━━━━━━━━━━━━━━━━━━━━━━━━━━━━━━━ 472.6/472.6 kB 21.8 MB/s eta 0:00:00
Downloading pydantic_settings-2.15.0-py3-none-any.whl (69 kB)
   ━━━━━━━━━━━━━━━━━━━━━━━━━━━━━━━━━━━━━━━━ 69.4/69.4 kB 26.6 MB/s eta 0:00:00
Downloading pydantic_core-2.46.5-cp312-cp312-manylinux_2_17_x86_64.manylinux2014_x86_64.whl (2.1 MB)
   ━━━━━━━━━━━━━━━━━━━━━━━━━━━━━━━━━━━━━━━━ 2.1/2.1 MB 15.3 MB/s eta 0:00:00
Downloading pygments-2.21.0-py3-none-any.whl (1.3 MB)
   ━━━━━━━━━━━━━━━━━━━━━━━━━━━━━━━━━━━━━━━━ 1.3/1.3 MB 15.3 MB/s eta 0:00:00
Downloading pyjwt-2.15.1-py3-none-any.whl (33 kB)
Downloading pytest-8.4.2-py3-none-any.whl (365 kB)
   ━━━━━━━━━━━━━━━━━━━━━━━━━━━━━━━━━━━━━━━━ 365.8/365.8 kB 17.6 MB/s eta 0:00:00
Downloading pytest_asyncio-1.4.0-py3-none-any.whl (16 kB)
Downloading python_dotenv-1.2.4-py3-none-any.whl (23 kB)
Downloading pyyaml-6.0.3-cp312-cp312-manylinux2014_x86_64.manylinux_2_17_x86_64.manylinux_2_28_x86_64.whl (807 kB)
   ━━━━━━━━━━━━━━━━━━━━━━━━━━━━━━━━━━━━━━━━ 807.9/807.9 kB 17.5 MB/s eta 0:00:00
Downloading requests-2.34.2-py3-none-any.whl (73 kB)
   ━━━━━━━━━━━━━━━━━━━━━━━━━━━━━━━━━━━━━━━━ 73.1/73.1 kB 16.9 MB/s eta 0:00:00
Downloading ruff-0.16.10-py3-none-manylinux_2_17_x86_64.manylinux2014_x86_64.whl (10.4 MB)
   ━━━━━━━━━━━━━━━━━━━━━━━━━━━━━━━━━━━━━━━━ 10.4/10.4 MB 19.0 MB/s eta 0:00:00
Downloading sqlalchemy-2.1.3-cp312-cp312-manylinux2014_x86_64.manylinux_2_17_x86_64.manylinux_2_28_x86_64.whl (4.7 MB)
   ━━━━━━━━━━━━━━━━━━━━━━━━━━━━━━━━━━━━━━━━ 4.7/4.7 MB 21.5 MB/s eta 0:00:00
Downloading starlette-1.7.0-py3-none-any.whl (78 kB)
   ━━━━━━━━━━━━━━━━━━━━━━━━━━━━━━━━━━━━━━━━ 79.0/79.0 kB 26.6 MB/s eta 0:00:00
Downloading typing_inspection-0.4.4-py3-none-any.whl (14 kB)
Downloading typing_extensions-4.16.0-py3-none-any.whl (45 kB)
   ━━━━━━━━━━━━━━━━━━━━━━━━━━━━━━━━━━━━━━━━ 45.6/45.6 kB 15.3 MB/s eta 0:00:00
Downloading urllib3-2.8.0-py3-none-any.whl (135 kB)
   ━━━━━━━━━━━━━━━━━━━━━━━━━━━━━━━━━━━━━━━━ 135.7/135.7 kB 25.2 MB/s eta 0:00:00
Downloading uvicorn-0.54.0-py3-none-any.whl (87 kB)
   ━━━━━━━━━━━━━━━━━━━━━━━━━━━━━━━━━━━━━━━━ 87.4/87.4 kB 29.2 MB/s eta 0:00:00
Downloading uvloop-0.23.0-cp312-cp312-manylinux2014_x86_64.manylinux_2_17_x86_64.manylinux_2_28_x86_64.whl (4.5 MB)
   ━━━━━━━━━━━━━━━━━━━━━━━━━━━━━━━━━━━━━━━━ 4.5/4.5 MB 23.0 MB/s eta 0:00:00
Downloading watchfiles-1.3.0-cp310-abi3-manylinux_2_17_x86_64.manylinux2014_x86_64.whl (458 kB)
   ━━━━━━━━━━━━━━━━━━━━━━━━━━━━━━━━━━━━━━━━ 458.4/458.4 kB 27.9 MB/s eta 0:00:00
Downloading websockets-17.2-cp312-cp312-manylinux1_x86_64.manylinux_2_28_x86_64.manylinux_2_5_x86_64.whl (225 kB)
   ━━━━━━━━━━━━━━━━━━━━━━━━━━━━━━━━━━━━━━━━ 225.3/225.3 kB 30.0 MB/s eta 0:00:00
Installing collected packages: websockets, uvloop, urllib3, typing_extensions, ruff, PyYAML, python-dotenv, PyJWT, Pygments, pycparser, pyasn1, protobuf, pluggy, pgvector, packaging, msgpack, MarkupSafe, iniconfig, idna, hyperframe, httptools, hpack, h11, greenlet, google-crc32c, click, charset-normalizer, certifi, asyncpg, annotated-types, annotated-doc, aiosqlite, uvicorn, typing-inspection, SQLAlchemy, requests, pytest, pydantic_core, pyasn1_modules, proto-plus, opentelemetry-api, Mako, httpcore, h2, grpcio, googleapis-common-protos, google-resumable-media, cffi, anyio, watchfiles, starlette, pytest-asyncio, pydantic, httpx, grpcio-status, cryptography, CacheControl, alembic, pydantic-settings, google-auth, fastapi, google-api-core, google-cloud-core, google-cloud-storage, google-cloud-firestore, firebase_admin
Successfully installed CacheControl-0.14.4 Mako-1.4.3 MarkupSafe-3.0.4 PyJWT-2.15.1 PyYAML-6.0.3 Pygments-2.21.0 SQLAlchemy-2.1.3 aiosqlite-0.22.1 alembic-1.20.0 annotated-doc-0.0.5 annotated-types-0.8.0 anyio-4.15.1 asyncpg-0.31.0 certifi-2026.7.22 cffi-2.1.1 charset-normalizer-3.5.2 click-8.5.0 cryptography-50.0.2 fastapi-0.142.2 firebase_admin-7.7.0 google-api-core-2.40.0 google-auth-2.59.1 google-cloud-core-2.8.0 google-cloud-firestore-2.34.0 google-cloud-storage-3.16.0 google-crc32c-1.9.0 google-resumable-media-2.11.0 googleapis-common-protos-1.75.5 greenlet-3.5.6 grpcio-1.84.0 grpcio-status-1.84.0 h11-0.16.0 h2-4.4.1 hpack-4.2.0 httpcore-1.0.9 httptools-0.8.0 httpx-0.28.1 hyperframe-6.1.0 idna-3.20 iniconfig-2.3.0 msgpack-1.2.3 opentelemetry-api-1.45.0 packaging-26.3 pgvector-0.5.0 pluggy-1.6.0 proto-plus-1.29.0 protobuf-7.36.2 pyasn1-0.6.4 pyasn1_modules-0.4.2 pycparser-3.0 pydantic-2.13.5 pydantic-settings-2.15.0 pydantic_core-2.46.5 pytest-8.4.2 pytest-asyncio-1.4.0 python-dotenv-1.2.4 requests-2.34.2 ruff-0.16.10 starlette-1.7.0 typing-inspection-0.4.4 typing_extensions-4.16.0 urllib3-2.8.0 uvicorn-0.54.0 uvloop-0.23.0 watchfiles-1.3.0 websockets-17.2
