Unable to find image 'pgvector/pgvector:pg16' locally
pg16: Pulling from pgvector/pgvector
774043ccc8cc: Pulling fs layer
f2455d5db1ca: Pulling fs layer
8445317dd84f: Pulling fs layer
2dd9b1a67dcf: Pulling fs layer
e0d7eb465374: Pulling fs layer
1a60cdc4b8b6: Pulling fs layer
00ea30b13a58: Pulling fs layer
708679827647: Pulling fs layer
3e13d544cd35: Pulling fs layer
639aa37fe549: Pulling fs layer
b3e09271b721: Pulling fs layer
aae3fa55f377: Pulling fs layer
50a212ffc5a1: Pulling fs layer
e9cc823db10f: Pulling fs layer
003442b28249: Pulling fs layer
2ede25b7c579: Pulling fs layer
708679827647: Waiting
3e13d544cd35: Waiting
639aa37fe549: Waiting
b3e09271b721: Waiting
aae3fa55f377: Waiting
50a212ffc5a1: Waiting
e9cc823db10f: Waiting
003442b28249: Waiting
2ede25b7c579: Waiting
2dd9b1a67dcf: Waiting
1a60cdc4b8b6: Waiting
e0d7eb465374: Waiting
00ea30b13a58: Waiting
f2455d5db1ca: Verifying Checksum
f2455d5db1ca: Download complete
8445317dd84f: Verifying Checksum
8445317dd84f: Download complete
774043ccc8cc: Verifying Checksum
774043ccc8cc: Download complete
2dd9b1a67dcf: Verifying Checksum
2dd9b1a67dcf: Download complete
e0d7eb465374: Verifying Checksum
e0d7eb465374: Download complete
1a60cdc4b8b6: Verifying Checksum
1a60cdc4b8b6: Download complete
00ea30b13a58: Verifying Checksum
00ea30b13a58: Download complete
708679827647: Verifying Checksum
708679827647: Download complete
639aa37fe549: Verifying Checksum
639aa37fe549: Download complete
b3e09271b721: Verifying Checksum
b3e09271b721: Download complete
aae3fa55f377: Verifying Checksum
aae3fa55f377: Download complete
50a212ffc5a1: Download complete
e9cc823db10f: Verifying Checksum
e9cc823db10f: Download complete
3e13d544cd35: Verifying Checksum
3e13d544cd35: Download complete
003442b28249: Verifying Checksum
003442b28249: Download complete
2ede25b7c579: Verifying Checksum
2ede25b7c579: Download complete
774043ccc8cc: Pull complete
f2455d5db1ca: Pull complete
8445317dd84f: Pull complete
2dd9b1a67dcf: Pull complete
e0d7eb465374: Pull complete
1a60cdc4b8b6: Pull complete
00ea30b13a58: Pull complete
708679827647: Pull complete
3e13d544cd35: Pull complete
639aa37fe549: Pull complete
b3e09271b721: Pull complete
aae3fa55f377: Pull complete
50a212ffc5a1: Pull complete
e9cc823db10f: Pull complete
003442b28249: Pull complete
2ede25b7c579: Pull complete
Digest: sha256:7b822b0aac60967beb1ea5e576b8602c94c300a157d187f385ae3e0da199b90a
Status: Downloaded newer image for pgvector/pgvector:pg16
2a444c9d4814bde9fa96cd504691727c9b4969afe4fb0446bd5324de4598e45f
